2025-11-21 19:16:52,434 | INFO | TradingBot | main.py:10 | Starting Trading Bot
2025-11-21 19:16:53,257 | INFO | TradingBot | main.py:14 | Binance Testnet connection successful.
2025-11-21 19:16:53,521 | INFO | TradingBot | main.py:17 | BTC Balance: {'asset': 'BTC', 'free': '1.00130000', 'locked': '0.00000000'}
2025-11-21 19:16:54,171 | DEBUG | TradingBot | main.py:24 | Available symbols loaded : 1606 symblos
2025-11-21 19:18:27,262 | INFO | TradingBot | main.py:10 | Starting Trading Bot
2025-11-21 19:18:28,534 | INFO | TradingBot | main.py:14 | Binance Testnet connection successful.
2025-11-21 19:18:28,835 | INFO | TradingBot | main.py:17 | BTC Balance: {'asset': 'BTC', 'free': '1.00130000', 'locked': '0.00000000'}
2025-11-21 19:18:29,541 | DEBUG | TradingBot | main.py:24 | Available symbols loaded : 1606 symblos
2025-11-21 19:27:01,614 | INFO | TradingBot | main.py:10 | Starting Trading Bot
2025-11-21 19:27:02,897 | INFO | TradingBot | main.py:14 | Binance Testnet connection successful.
2025-11-21 19:27:03,064 | INFO | TradingBot | main.py:17 | BTC Balance: {'asset': 'BTC', 'free': '1.00130000', 'locked': '0.00000000'}
2025-11-21 19:27:03,537 | DEBUG | TradingBot | main.py:24 | Available symbols loaded : 1606 symblos
2025-11-21 19:30:49,597 | INFO | TradingBot | main.py:12 | Starting Trading Bot
2025-11-21 19:30:50,886 | INFO | TradingBot | main.py:15 | Binance Testnet connection successful.
2025-11-21 19:30:51,187 | DEBUG | TradingBot | main.py:21 | Available symbols loaded : 1606 symblos
2025-11-21 19:34:58,264 | INFO | TradingBot | main.py:35 | Placing market order for BTCUSDT current price at 83943.84000000
2025-11-21 19:35:16,385 | INFO | TradingBot | main.py:40 | Market order placed: {'symbol': 'BTCUSDT', 'orderId': 3075569, 'orderListId': -1, 'clientOrderId': 'x-HNA2TXFJ8de688e3a57d1a77f83c9d', 'transactTime': 1763733915936, 'price': '0.00000000', 'origQty': '0.00010000', 'executedQty': '0.00010000', 'origQuoteOrderQty': '0.00000000', 'cummulativeQuoteQty': '8.38376900', 'status': 'FILLED', 'timeInForce': 'GTC', 'type': 'MARKET', 'side': 'BUY', 'workingTime': 1763733915936, 'fills': [{'price': '83837.69000000', 'qty': '0.00010000', 'commission': '0.00000000', 'commissionAsset': 'BTC', 'tradeId': 1101056}], 'selfTradePreventionMode': 'EXPIRE_MAKER'}
2025-11-21 19:36:55,552 | INFO | TradingBot | main.py:12 | Starting Trading Bot
2025-11-21 19:36:56,130 | INFO | TradingBot | main.py:15 | Binance Testnet connection successful.
2025-11-21 19:36:56,433 | DEBUG | TradingBot | main.py:21 | Available symbols loaded : 1606 symblos
2025-11-21 19:37:04,012 | INFO | TradingBot | main.py:35 | Placing market order for BTCUSDT current price at 83966.07000000
2025-11-21 19:37:17,811 | INFO | TradingBot | main.py:40 | Market order placed: An error occurred while placing market order: APIError(code=-2010): Account has insufficient balance for requested action.
2025-11-21 19:37:17,812 | ERROR | TradingBot | main.py:43 | An error occurred while placing market order: string indices must be integers, not 'str'
2025-11-21 19:49:28,950 | INFO | TradingBot | main.py:12 | Starting Trading Bot
2025-11-21 19:49:29,905 | INFO | TradingBot | main.py:15 | Binance Testnet connection successful.
2025-11-21 19:49:30,617 | DEBUG | TradingBot | main.py:21 | Available symbols loaded : 1606 symblos
2025-11-21 19:49:41,857 | INFO | TradingBot | main.py:35 | Placing market order for BTCUSDT current price at 83642.93000000
2025-11-21 19:49:50,660 | ERROR | TradingBot | main.py:43 | An error occurred while placing market order: string indices must be integers, not 'str'
2025-11-21 20:27:07,840 | WARNING | TradingBot | main.py:31 | Invalid trading pair entered: BTUUSDT
2025-11-21 20:27:42,218 | WARNING | TradingBot | main.py:69 | Invalid choice entered, exiting.
2025-11-21 20:27:50,009 | WARNING | TradingBot | main.py:69 | Invalid choice entered, exiting.
2025-11-21 20:28:00,399 | WARNING | TradingBot | main.py:31 | Invalid trading pair entered: HJJJ
2025-11-21 20:28:26,237 | INFO | TradingBot | main.py:35 | Placing market order for BTCUSDT current price at 85096.51000000
2025-11-21 20:28:45,975 | ERROR | TradingBot | main.py:43 | An error occurred while placing market order: string indices must be integers, not 'str'
2025-11-21 20:36:16,290 | INFO | TradingBot | main.py:12 | Starting Trading Bot
2025-11-21 20:36:23,079 | INFO | TradingBot | main.py:15 | Binance Testnet connection successful.
2025-11-21 20:36:25,754 | DEBUG | TradingBot | main.py:21 | Available symbols loaded : 1606 symblos
2025-11-21 20:36:32,187 | INFO | TradingBot | main.py:35 | Placing market order for BTCUSDT current price at 84748.97000000
2025-11-21 20:36:42,846 | ERROR | TradingBot | main.py:43 | An error occurred while placing market order: string indices must be integers, not 'str'
2025-11-21 20:38:29,672 | INFO | TradingBot | main.py:12 | Starting Trading Bot
2025-11-21 20:38:30,279 | INFO | TradingBot | main.py:15 | Binance Testnet connection successful.
2025-11-21 20:38:30,650 | DEBUG | TradingBot | main.py:21 | Available symbols loaded : 1606 symblos
2025-11-21 20:38:35,369 | INFO | TradingBot | main.py:35 | Placing market order for BTCUSDT current price at 84338.57000000
2025-11-21 20:38:42,333 | ERROR | TradingBot | main.py:43 | An error occurred while placing market order: string indices must be integers, not 'str'
2025-11-21 20:39:25,441 | INFO | TradingBot | main.py:35 | Placing market order for BTCUSDT current price at 84464.90000000
2025-11-21 20:39:30,057 | ERROR | TradingBot | main.py:43 | An error occurred while placing market order: string indices must be integers, not 'str'
2025-11-21 20:53:50,755 | INFO | TradingBot | main.py:35 | Placing market order for BTCUSDT current price at 84030.91000000
2025-11-21 20:54:00,247 | ERROR | TradingBot | main.py:43 | An error occurred while placing market order: string indices must be integers, not 'str'
2025-11-21 20:55:59,191 | INFO | TradingBot | main.py:35 | Placing market order for BTCUSDT current price at 84122.53000000
2025-11-21 20:57:05,596 | ERROR | TradingBot | main.py:43 | An error occurred while placing market order: HTTPSConnectionPool(host='testnet.binance.vision', port=443): Read timed out. (read timeout=10)
2025-11-21 20:59:46,437 | WARNING | TradingBot | main.py:31 | Invalid trading pair entered: BTUSDT
2025-11-21 20:59:54,599 | INFO | TradingBot | main.py:35 | Placing market order for BTCUSDT current price at 83636.38000000
2025-11-21 21:00:01,689 | ERROR | TradingBot | main.py:43 | An error occurred while placing market order: string indices must be integers, not 'str'
2025-11-21 21:00:58,060 | INFO | TradingBot | main.py:12 | Starting Trading Bot
2025-11-21 21:00:59,622 | INFO | TradingBot | main.py:15 | Binance Testnet connection successful.
2025-11-21 21:01:00,693 | DEBUG | TradingBot | main.py:21 | Available symbols loaded : 1606 symblos
2025-11-21 21:01:02,319 | WARNING | TradingBot | main.py:69 | Invalid choice entered, exiting.
2025-11-21 21:01:08,840 | INFO | TradingBot | main.py:35 | Placing market order for BTCUSDT current price at 83662.69000000
2025-11-21 21:01:16,616 | ERROR | TradingBot | main.py:43 | An error occurred while placing market order: string indices must be integers, not 'str'
2025-11-21 21:02:22,256 | INFO | TradingBot | main.py:54 | Placing limit order for BTCUSDT current price at 83808.33000000
2025-11-21 21:02:45,091 | INFO | TradingBot | main.py:60 | Limit order placed: An error occurred while placing market order: APIError(code=-2010): Account has insufficient balance for requested action.
2025-11-21 21:07:43,682 | INFO | TradingBot | main.py:12 | Starting Trading Bot
2025-11-21 21:07:44,907 | INFO | TradingBot | main.py:15 | Binance Testnet connection successful.
2025-11-21 21:07:45,933 | DEBUG | TradingBot | main.py:21 | Available symbols loaded : 1606 symblos
2025-11-21 21:07:53,509 | INFO | TradingBot | main.py:54 | Placing limit order for BTCUSDT current price at 83197.35000000
2025-11-21 21:17:11,560 | INFO | TradingBot | main.py:12 | Starting Trading Bot
2025-11-21 21:17:11,561 | DEBUG | asyncio | proactor_events.py:631 | Using proactor: IocpProactor
2025-11-21 21:17:11,563 | DEBUG | urllib3.connectionpool | connectionpool.py:1049 | Starting new HTTPS connection (1): testnet.binance.vision:443
2025-11-21 21:17:12,206 | DEBUG | urllib3.connectionpool | connectionpool.py:544 | https://testnet.binance.vision:443 "GET /api/v3/ping HTTP/1.1" 200 2
2025-11-21 21:17:12,207 | INFO | TradingBot | main.py:15 | Binance Testnet connection successful.
2025-11-21 21:17:12,593 | DEBUG | urllib3.connectionpool | connectionpool.py:544 | https://testnet.binance.vision:443 "GET /api/v3/exchangeInfo HTTP/1.1" 200 56657
2025-11-21 21:17:12,751 | DEBUG | TradingBot | main.py:21 | Available symbols loaded : 1606 symblos
2025-11-21 21:17:21,909 | DEBUG | urllib3.connectionpool | connectionpool.py:544 | https://testnet.binance.vision:443 "GET /api/v3/ticker/price?symbol=BTCUSDT HTTP/1.1" 200 45
2025-11-21 21:17:21,912 | INFO | TradingBot | main.py:54 | Placing limit order for BTCUSDT current price at 83343.77000000
2025-11-21 21:17:45,050 | DEBUG | urllib3.connectionpool | connectionpool.py:544 | https://testnet.binance.vision:443 "POST /api/v3/order HTTP/1.1" 400 77
2025-11-21 21:17:45,052 | ERROR | limit_order | limit_order.py:31 | An error occurred while placing limit order: APIError(code=-2010): Account has insufficient balance for requested action.
2025-11-21 21:21:30,629 | DEBUG | urllib3.connectionpool | connectionpool.py:544 | https://testnet.binance.vision:443 "GET /api/v3/ticker/price?symbol=BTCUSDT HTTP/1.1" 200 45
2025-11-21 21:21:30,631 | INFO | TradingBot | main.py:54 | Placing limit order for BTCUSDT current price at 83112.36000000
2025-11-21 21:23:26,643 | DEBUG | urllib3.connectionpool | connectionpool.py:544 | https://testnet.binance.vision:443 "GET /api/v3/ticker/price?symbol=BTCUSDT HTTP/1.1" 200 45
2025-11-21 21:23:26,645 | INFO | TradingBot | main.py:54 | Placing limit order for BTCUSDT current price at 82854.88000000
2025-11-21 21:23:38,989 | ERROR | limit_order | limit_order.py:26 | Invalid side provided for limit order: HJHKJ
2025-11-21 23:56:41,347 | INFO | TradingBot | baseapp.py:13 | Starting Trading Bot
2025-11-21 23:56:41,347 | DEBUG | asyncio | proactor_events.py:631 | Using proactor: IocpProactor
2025-11-21 23:56:41,350 | DEBUG | urllib3.connectionpool | connectionpool.py:1049 | Starting new HTTPS connection (1): testnet.binance.vision:443
2025-11-21 23:56:42,308 | DEBUG | urllib3.connectionpool | connectionpool.py:544 | https://testnet.binance.vision:443 "GET /api/v3/ping HTTP/1.1" 200 2
2025-11-21 23:56:42,309 | INFO | TradingBot | baseapp.py:16 | Binance Testnet connection successful.
2025-11-21 23:56:42,938 | DEBUG | urllib3.connectionpool | connectionpool.py:544 | https://testnet.binance.vision:443 "GET /api/v3/exchangeInfo HTTP/1.1" 200 56657
2025-11-21 23:56:42,993 | DEBUG | TradingBot | baseapp.py:22 | Available symbols loaded : 1606 symblos
2025-11-21 23:56:57,014 | DEBUG | urllib3.connectionpool | connectionpool.py:544 | https://testnet.binance.vision:443 "GET /api/v3/ticker/price?symbol=BTCUSDT HTTP/1.1" 200 45
2025-11-21 23:56:57,016 | INFO | TradingBot | baseapp.py:73 | Placing sstop limit order for BTCUSDT current price at 83808.79000000
2025-11-21 23:58:01,018 | DEBUG | urllib3.connectionpool | connectionpool.py:544 | https://testnet.binance.vision:443 "POST /api/v3/order HTTP/1.1" 400 60
2025-11-21 23:58:01,019 | ERROR | stop_limit_order | stop_limit_order.py:33 | An error occurred while placing stop limit order: APIError(code=-2010): Stop price would trigger immediately.
2025-11-21 23:59:30,258 | INFO | TradingBot | baseapp.py:13 | Starting Trading Bot
2025-11-21 23:59:30,259 | DEBUG | asyncio | proactor_events.py:631 | Using proactor: IocpProactor
2025-11-21 23:59:30,261 | DEBUG | urllib3.connectionpool | connectionpool.py:1049 | Starting new HTTPS connection (1): testnet.binance.vision:443
2025-11-21 23:59:31,087 | DEBUG | urllib3.connectionpool | connectionpool.py:544 | https://testnet.binance.vision:443 "GET /api/v3/ping HTTP/1.1" 200 2
2025-11-21 23:59:31,088 | INFO | TradingBot | baseapp.py:16 | Binance Testnet connection successful.
2025-11-21 23:59:31,399 | DEBUG | urllib3.connectionpool | connectionpool.py:544 | https://testnet.binance.vision:443 "GET /api/v3/exchangeInfo HTTP/1.1" 200 56657
2025-11-21 23:59:31,492 | DEBUG | TradingBot | baseapp.py:22 | Available symbols loaded : 1606 symblos
2025-11-21 23:59:38,287 | DEBUG | urllib3.connectionpool | connectionpool.py:544 | https://testnet.binance.vision:443 "GET /api/v3/ticker/price?symbol=BTCUSDT HTTP/1.1" 200 45
2025-11-21 23:59:38,289 | INFO | TradingBot | baseapp.py:73 | Placing sstop limit order for BTCUSDT current price at 84075.15000000
2025-11-22 00:00:17,327 | DEBUG | urllib3.connectionpool | connectionpool.py:544 | https://testnet.binance.vision:443 "POST /api/v3/order HTTP/1.1" 400 60
2025-11-22 00:00:17,328 | ERROR | stop_limit_order | stop_limit_order.py:33 | An error occurred while placing stop limit order: APIError(code=-1013): Filter failure: PERCENT_PRICE_BY_SIDE
2025-11-22 00:01:35,070 | INFO | TradingBot | baseapp.py:13 | Starting Trading Bot
2025-11-22 00:01:35,071 | DEBUG | asyncio | proactor_events.py:631 | Using proactor: IocpProactor
2025-11-22 00:01:35,072 | DEBUG | urllib3.connectionpool | connectionpool.py:1049 | Starting new HTTPS connection (1): testnet.binance.vision:443
2025-11-22 00:01:35,762 | DEBUG | urllib3.connectionpool | connectionpool.py:544 | https://testnet.binance.vision:443 "GET /api/v3/ping HTTP/1.1" 200 2
2025-11-22 00:01:35,763 | INFO | TradingBot | baseapp.py:16 | Binance Testnet connection successful.
2025-11-22 00:01:36,204 | DEBUG | urllib3.connectionpool | connectionpool.py:544 | https://testnet.binance.vision:443 "GET /api/v3/exchangeInfo HTTP/1.1" 200 56657
2025-11-22 00:01:36,358 | DEBUG | TradingBot | baseapp.py:22 | Available symbols loaded : 1606 symblos
2025-11-22 00:01:46,123 | DEBUG | urllib3.connectionpool | connectionpool.py:544 | https://testnet.binance.vision:443 "GET /api/v3/ticker/price?symbol=BTCUSDT HTTP/1.1" 200 45
2025-11-22 00:01:46,125 | INFO | TradingBot | baseapp.py:73 | Placing sstop limit order for BTCUSDT current price at 84213.87000000
2025-11-22 00:02:16,680 | DEBUG | urllib3.connectionpool | connectionpool.py:544 | https://testnet.binance.vision:443 "POST /api/v3/order HTTP/1.1" 400 60
2025-11-22 00:02:16,682 | ERROR | stop_limit_order | stop_limit_order.py:33 | An error occurred while placing stop limit order: APIError(code=-2010): Stop price would trigger immediately.
2025-11-22 00:03:48,753 | INFO | TradingBot | baseapp.py:13 | Starting Trading Bot
2025-11-22 00:03:48,754 | DEBUG | asyncio | proactor_events.py:631 | Using proactor: IocpProactor
2025-11-22 00:03:48,755 | DEBUG | urllib3.connectionpool | connectionpool.py:1049 | Starting new HTTPS connection (1): testnet.binance.vision:443
2025-11-22 00:03:49,636 | DEBUG | urllib3.connectionpool | connectionpool.py:544 | https://testnet.binance.vision:443 "GET /api/v3/ping HTTP/1.1" 200 2
2025-11-22 00:03:49,636 | INFO | TradingBot | baseapp.py:16 | Binance Testnet connection successful.
2025-11-22 00:03:50,121 | DEBUG | urllib3.connectionpool | connectionpool.py:544 | https://testnet.binance.vision:443 "GET /api/v3/exchangeInfo HTTP/1.1" 200 56657
2025-11-22 00:03:50,248 | DEBUG | TradingBot | baseapp.py:22 | Available symbols loaded : 1606 symblos
2025-11-22 00:04:07,319 | INFO | TradingBot | baseapp.py:13 | Starting Trading Bot
2025-11-22 00:04:07,320 | DEBUG | asyncio | proactor_events.py:631 | Using proactor: IocpProactor
2025-11-22 00:04:07,321 | DEBUG | urllib3.connectionpool | connectionpool.py:1049 | Starting new HTTPS connection (1): testnet.binance.vision:443
2025-11-22 00:04:08,038 | DEBUG | urllib3.connectionpool | connectionpool.py:544 | https://testnet.binance.vision:443 "GET /api/v3/ping HTTP/1.1" 200 2
2025-11-22 00:04:08,039 | INFO | TradingBot | baseapp.py:16 | Binance Testnet connection successful.
2025-11-22 00:04:08,358 | DEBUG | urllib3.connectionpool | connectionpool.py:544 | https://testnet.binance.vision:443 "GET /api/v3/exchangeInfo HTTP/1.1" 200 56657
2025-11-22 00:04:08,441 | DEBUG | TradingBot | baseapp.py:22 | Available symbols loaded : 1606 symblos
2025-11-22 00:04:15,215 | DEBUG | urllib3.connectionpool | connectionpool.py:544 | https://testnet.binance.vision:443 "GET /api/v3/ticker/price?symbol=BTCUSDT HTTP/1.1" 200 45
2025-11-22 00:04:15,217 | INFO | TradingBot | baseapp.py:73 | Placing sstop limit order for BTCUSDT current price at 84261.89000000
2025-11-22 00:04:55,715 | DEBUG | urllib3.connectionpool | connectionpool.py:544 | https://testnet.binance.vision:443 "POST /api/v3/order HTTP/1.1" 400 60
2025-11-22 00:04:55,717 | ERROR | stop_limit_order | stop_limit_order.py:33 | An error occurred while placing stop limit order: APIError(code=-2010): Stop price would trigger immediately.
2025-11-22 00:20:18,807 | INFO | TradingBot | baseapp.py:13 | Starting Trading Bot
2025-11-22 00:20:18,807 | DEBUG | asyncio | proactor_events.py:631 | Using proactor: IocpProactor
2025-11-22 00:20:18,809 | DEBUG | urllib3.connectionpool | connectionpool.py:1049 | Starting new HTTPS connection (1): testnet.binance.vision:443
2025-11-22 00:20:19,607 | DEBUG | urllib3.connectionpool | connectionpool.py:544 | https://testnet.binance.vision:443 "GET /api/v3/ping HTTP/1.1" 200 2
2025-11-22 00:20:19,607 | INFO | TradingBot | baseapp.py:16 | Binance Testnet connection successful.
2025-11-22 00:20:19,776 | DEBUG | urllib3.connectionpool | connectionpool.py:544 | https://testnet.binance.vision:443 "GET /api/v3/exchangeInfo HTTP/1.1" 200 56657
2025-11-22 00:20:20,006 | DEBUG | TradingBot | baseapp.py:22 | Available symbols loaded : 1606 symblos
2025-11-22 00:20:36,884 | DEBUG | urllib3.connectionpool | connectionpool.py:544 | https://testnet.binance.vision:443 "GET /api/v3/ticker/price?symbol=BTCUSDT HTTP/1.1" 200 45
2025-11-22 00:20:36,884 | INFO | TradingBot | baseapp.py:73 | Placing sstop limit order for BTCUSDT current price at 85000.00000000
2025-11-22 00:21:26,323 | DEBUG | urllib3.connectionpool | connectionpool.py:544 | https://testnet.binance.vision:443 "POST /api/v3/order HTTP/1.1" 400 60
2025-11-22 00:21:26,324 | ERROR | stop_limit_order | stop_limit_order.py:33 | An error occurred while placing stop limit order: APIError(code=-2010): Stop price would trigger immediately.
2025-11-22 00:21:36,700 | INFO | TradingBot | baseapp.py:13 | Starting Trading Bot
2025-11-22 00:21:36,701 | DEBUG | asyncio | proactor_events.py:631 | Using proactor: IocpProactor
2025-11-22 00:21:36,702 | DEBUG | urllib3.connectionpool | connectionpool.py:1049 | Starting new HTTPS connection (1): testnet.binance.vision:443
2025-11-22 00:21:37,360 | DEBUG | urllib3.connectionpool | connectionpool.py:544 | https://testnet.binance.vision:443 "GET /api/v3/ping HTTP/1.1" 200 2
2025-11-22 00:21:37,362 | INFO | TradingBot | baseapp.py:16 | Binance Testnet connection successful.
2025-11-22 00:21:37,848 | DEBUG | urllib3.connectionpool | connectionpool.py:544 | https://testnet.binance.vision:443 "GET /api/v3/exchangeInfo HTTP/1.1" 200 56657
2025-11-22 00:21:37,969 | DEBUG | TradingBot | baseapp.py:22 | Available symbols loaded : 1606 symblos
2025-11-22 00:21:46,520 | DEBUG | urllib3.connectionpool | connectionpool.py:544 | https://testnet.binance.vision:443 "GET /api/v3/ticker/price?symbol=BTCUSDT HTTP/1.1" 200 45
2025-11-22 00:21:46,522 | INFO | TradingBot | baseapp.py:73 | Placing sstop limit order for BTCUSDT current price at 84822.73000000
2025-11-22 00:23:23,757 | DEBUG | urllib3.connectionpool | connectionpool.py:544 | https://testnet.binance.vision:443 "POST /api/v3/order HTTP/1.1" 400 60
2025-11-22 00:23:23,758 | ERROR | stop_limit_order | stop_limit_order.py:33 | An error occurred while placing stop limit order: APIError(code=-2010): Stop price would trigger immediately.
2025-11-22 00:23:30,098 | INFO | TradingBot | baseapp.py:13 | Starting Trading Bot
2025-11-22 00:23:30,099 | DEBUG | asyncio | proactor_events.py:631 | Using proactor: IocpProactor
2025-11-22 00:23:30,101 | DEBUG | urllib3.connectionpool | connectionpool.py:1049 | Starting new HTTPS connection (1): testnet.binance.vision:443
2025-11-22 00:23:30,957 | DEBUG | urllib3.connectionpool | connectionpool.py:544 | https://testnet.binance.vision:443 "GET /api/v3/ping HTTP/1.1" 200 2
2025-11-22 00:23:30,958 | INFO | TradingBot | baseapp.py:16 | Binance Testnet connection successful.
2025-11-22 00:23:31,289 | DEBUG | urllib3.connectionpool | connectionpool.py:544 | https://testnet.binance.vision:443 "GET /api/v3/exchangeInfo HTTP/1.1" 200 56657
2025-11-22 00:23:31,363 | DEBUG | TradingBot | baseapp.py:22 | Available symbols loaded : 1606 symblos
2025-11-22 00:23:36,876 | DEBUG | urllib3.connectionpool | connectionpool.py:544 | https://testnet.binance.vision:443 "GET /api/v3/ticker/price?symbol=BTCUSDT HTTP/1.1" 200 45
2025-11-22 00:23:36,878 | INFO | TradingBot | baseapp.py:73 | Placing sstop limit order for BTCUSDT current price at 84810.10000000
2025-11-22 00:24:00,088 | DEBUG | urllib3.connectionpool | connectionpool.py:544 | https://testnet.binance.vision:443 "POST /api/v3/order HTTP/1.1" 400 60
2025-11-22 00:24:00,090 | ERROR | stop_limit_order | stop_limit_order.py:33 | An error occurred while placing stop limit order: APIError(code=-2010): Stop price would trigger immediately.
2025-11-22 10:32:15,027 | INFO | TradingBot | baseapp.py:13 | Starting Trading Bot
2025-11-22 10:32:15,030 | DEBUG | asyncio | proactor_events.py:631 | Using proactor: IocpProactor
2025-11-22 10:32:15,037 | DEBUG | urllib3.connectionpool | connectionpool.py:1049 | Starting new HTTPS connection (1): testnet.binance.vision:443
2025-11-22 10:32:16,602 | DEBUG | urllib3.connectionpool | connectionpool.py:544 | https://testnet.binance.vision:443 "GET /api/v3/ping HTTP/1.1" 200 2
2025-11-22 10:32:16,605 | INFO | TradingBot | baseapp.py:16 | Binance Testnet connection successful.
2025-11-22 10:32:17,160 | DEBUG | urllib3.connectionpool | connectionpool.py:544 | https://testnet.binance.vision:443 "GET /api/v3/exchangeInfo HTTP/1.1" 200 56657
2025-11-22 10:32:17,450 | DEBUG | TradingBot | baseapp.py:22 | Available symbols loaded : 1606 symblos
2025-11-22 10:32:44,783 | DEBUG | urllib3.connectionpool | connectionpool.py:544 | https://testnet.binance.vision:443 "GET /api/v3/ticker/price?symbol=BTCUSDT HTTP/1.1" 200 45
2025-11-22 10:32:44,787 | INFO | TradingBot | baseapp.py:73 | Placing sstop limit order for BTCUSDT current price at 84153.07000000
2025-11-22 10:34:21,721 | DEBUG | urllib3.connectionpool | connectionpool.py:544 | https://testnet.binance.vision:443 "POST /api/v3/order HTTP/1.1" 400 60
2025-11-22 10:34:21,724 | ERROR | stop_limit_order | stop_limit_order.py:33 | An error occurred while placing stop limit order: APIError(code=-2010): Stop price would trigger immediately.
2025-11-22 10:48:50,210 | INFO | TradingBot | baseapp.py:13 | Starting Trading Bot
2025-11-22 10:48:50,211 | DEBUG | asyncio | proactor_events.py:631 | Using proactor: IocpProactor
2025-11-22 10:48:50,215 | DEBUG | urllib3.connectionpool | connectionpool.py:1049 | Starting new HTTPS connection (1): testnet.binance.vision:443
2025-11-22 10:48:51,677 | DEBUG | urllib3.connectionpool | connectionpool.py:544 | https://testnet.binance.vision:443 "GET /api/v3/ping HTTP/1.1" 200 2
2025-11-22 10:48:51,679 | INFO | TradingBot | baseapp.py:16 | Binance Testnet connection successful.
2025-11-22 10:48:51,985 | DEBUG | urllib3.connectionpool | connectionpool.py:544 | https://testnet.binance.vision:443 "GET /api/v3/exchangeInfo HTTP/1.1" 200 56657
2025-11-22 10:48:52,127 | DEBUG | TradingBot | baseapp.py:22 | Available symbols loaded : 1606 symblos
2025-11-22 10:49:00,071 | DEBUG | urllib3.connectionpool | connectionpool.py:544 | https://testnet.binance.vision:443 "GET /api/v3/ticker/price?symbol=BTCUSDT HTTP/1.1" 200 45
2025-11-22 10:49:00,075 | INFO | TradingBot | baseapp.py:73 | Placing sstop limit order for BTCUSDT current price at 84039.99000000
2025-11-22 10:54:06,333 | INFO | TradingBot | baseapp.py:13 | Starting Trading Bot
2025-11-22 10:54:06,335 | DEBUG | asyncio | proactor_events.py:631 | Using proactor: IocpProactor
2025-11-22 10:54:06,341 | DEBUG | urllib3.connectionpool | connectionpool.py:1049 | Starting new HTTPS connection (1): testnet.binance.vision:443
2025-11-22 10:54:07,358 | DEBUG | urllib3.connectionpool | connectionpool.py:544 | https://testnet.binance.vision:443 "GET /api/v3/ping HTTP/1.1" 200 2
2025-11-22 10:54:07,359 | INFO | TradingBot | baseapp.py:16 | Binance Testnet connection successful.
2025-11-22 10:54:07,647 | DEBUG | urllib3.connectionpool | connectionpool.py:544 | https://testnet.binance.vision:443 "GET /api/v3/exchangeInfo HTTP/1.1" 200 56657
2025-11-22 10:54:07,800 | DEBUG | TradingBot | baseapp.py:22 | Available symbols loaded : 1606 symblos
2025-11-22 10:54:13,391 | DEBUG | urllib3.connectionpool | connectionpool.py:544 | https://testnet.binance.vision:443 "GET /api/v3/ticker/price?symbol=BTCUSDT HTTP/1.1" 200 45
2025-11-22 10:54:13,393 | INFO | TradingBot | baseapp.py:73 | Placing sstop limit order for BTCUSDT current price at 83924.00000000
2025-11-22 10:54:48,811 | DEBUG | urllib3.connectionpool | connectionpool.py:544 | https://testnet.binance.vision:443 "POST /api/v3/order HTTP/1.1" 200 134
2025-11-22 10:54:48,811 | INFO | stop_limit_order | stop_limit_order.py:30 | Stop limit order placed successfully: {'symbol': 'BTCUSDT', 'orderId': 3265371, 'orderListId': -1, 'clientOrderId': 'x-HNA2TXFJ47cdda554c7f8d6be2d91', 'transactTime': 1763789088416}
2025-11-22 11:45:15,591 | INFO | TradingBot | baseapp.py:13 | Starting Trading Bot
2025-11-22 11:45:15,595 | DEBUG | asyncio | proactor_events.py:631 | Using proactor: IocpProactor
2025-11-22 11:45:15,601 | DEBUG | urllib3.connectionpool | connectionpool.py:1049 | Starting new HTTPS connection (1): testnet.binance.vision:443
2025-11-22 11:45:16,484 | DEBUG | urllib3.connectionpool | connectionpool.py:544 | https://testnet.binance.vision:443 "GET /api/v3/ping HTTP/1.1" 200 2
2025-11-22 11:45:16,485 | INFO | TradingBot | baseapp.py:16 | Binance Testnet connection successful.
2025-11-22 11:45:16,784 | DEBUG | urllib3.connectionpool | connectionpool.py:544 | https://testnet.binance.vision:443 "GET /api/v3/exchangeInfo HTTP/1.1" 200 56657
2025-11-22 11:45:16,899 | DEBUG | TradingBot | baseapp.py:22 | Available symbols loaded : 1606 symblos
2025-11-22 11:45:23,963 | WARNING | TradingBot | baseapp.py:70 | Invalid trading pair entered: BTC
2025-11-22 13:03:05,520 | INFO | TradingBot | baseapp.py:14 | Starting Trading Bot
2025-11-22 13:03:05,520 | DEBUG | asyncio | proactor_events.py:631 | Using proactor: IocpProactor
2025-11-22 13:03:05,522 | DEBUG | urllib3.connectionpool | connectionpool.py:1049 | Starting new HTTPS connection (1): testnet.binance.vision:443
2025-11-22 13:03:06,341 | DEBUG | urllib3.connectionpool | connectionpool.py:544 | https://testnet.binance.vision:443 "GET /api/v3/ping HTTP/1.1" 200 2
2025-11-22 13:03:06,343 | INFO | TradingBot | baseapp.py:17 | Binance Testnet connection successful.
2025-11-22 13:03:06,647 | DEBUG | urllib3.connectionpool | connectionpool.py:544 | https://testnet.binance.vision:443 "GET /api/v3/exchangeInfo HTTP/1.1" 200 56657
2025-11-22 13:03:06,748 | DEBUG | TradingBot | baseapp.py:23 | Available symbols loaded : 1606 symblos
2025-11-22 13:03:19,137 | DEBUG | urllib3.connectionpool | connectionpool.py:544 | https://testnet.binance.vision:443 "GET /api/v3/ticker/price?symbol=BTCUSDT HTTP/1.1" 200 45
2025-11-22 13:03:19,140 | INFO | TradingBot | baseapp.py:109 | Placing OCO order for BTCUSDT current price at 85927.80000000
2025-11-22 13:07:27,983 | DEBUG | urllib3.connectionpool | connectionpool.py:289 | Resetting dropped connection: testnet.binance.vision
2025-11-22 13:07:28,884 | DEBUG | urllib3.connectionpool | connectionpool.py:544 | https://testnet.binance.vision:443 "POST /api/v3/orderList/oco HTTP/1.1" 400 98
2025-11-22 13:07:28,893 | ERROR | oco | oco.py:34 | An error occurred while placing OCO order: APIError(code=-1102): Mandatory parameter 'aboveType' was not sent, was empty/null, or malformed.
2025-11-22 13:07:28,895 | ERROR | TradingBot | baseapp.py:133 | An error occurred : string indices must be integers, not 'str'
2025-11-22 13:52:06,775 | DEBUG | urllib3.connectionpool | connectionpool.py:289 | Resetting dropped connection: testnet.binance.vision
2025-11-22 13:52:07,963 | DEBUG | urllib3.connectionpool | connectionpool.py:544 | https://testnet.binance.vision:443 "GET /api/v3/ticker/price?symbol=BTCUSDT HTTP/1.1" 200 45
2025-11-22 13:52:07,970 | INFO | TradingBot | baseapp.py:56 | Placing limit order for BTCUSDT current price at 84273.54000000
2025-11-22 13:52:14,963 | ERROR | TradingBot | baseapp.py:64 | An error occurred: could not convert string to float: 'buy'
2025-11-22 13:52:58,648 | DEBUG | urllib3.connectionpool | connectionpool.py:544 | https://testnet.binance.vision:443 "GET /api/v3/ticker/price?symbol=BTCUSDT HTTP/1.1" 200 45
2025-11-22 13:52:58,650 | INFO | TradingBot | baseapp.py:56 | Placing limit order for BTCUSDT current price at 84277.73000000
2025-11-22 13:53:33,974 | DEBUG | urllib3.connectionpool | connectionpool.py:544 | https://testnet.binance.vision:443 "POST /api/v3/order HTTP/1.1" 200 286
2025-11-22 13:53:33,977 | INFO | limit_order | limit_order.py:28 | Limit order placed successfully: {'symbol': 'BTCUSDT', 'orderId': 3297830, 'orderListId': -1, 'clientOrderId': 'x-HNA2TXFJ61c896e29066b03cdae33f', 'transactTime': 1763799813773, 'price': '84200.00000000', 'origQty': '0.00100000', 'executedQty': '0.00000000', 'origQuoteOrderQty': '0.00000000', 'cummulativeQuoteQty': '0.00000000', 'status': 'NEW', 'timeInForce': 'GTC', 'type': 'LIMIT', 'side': 'BUY', 'workingTime': 1763799813773, 'fills': [], 'selfTradePreventionMode': 'EXPIRE_MAKER'}
2025-11-22 13:55:38,283 | DEBUG | urllib3.connectionpool | connectionpool.py:544 | https://testnet.binance.vision:443 "GET /api/v3/ticker/price?symbol=BTCUSDT HTTP/1.1" 200 45
2025-11-22 13:55:38,286 | INFO | TradingBot | baseapp.py:75 | Placing stop limit order for BTCUSDT current price at 84345.16000000
2025-11-22 13:56:48,528 | DEBUG | urllib3.connectionpool | connectionpool.py:544 | https://testnet.binance.vision:443 "POST /api/v3/order HTTP/1.1" 400 60
2025-11-22 13:56:48,530 | ERROR | stop_limit_order | stop_limit_order.py:33 | An error occurred while placing stop limit order: APIError(code=-2010): Stop price would trigger immediately.
2025-11-22 13:56:48,532 | ERROR | TradingBot | baseapp.py:98 | An error occurred : string indices must be integers, not 'str'
2025-11-22 13:57:38,905 | DEBUG | urllib3.connectionpool | connectionpool.py:544 | https://testnet.binance.vision:443 "GET /api/v3/ticker/price?symbol=BTCUSDT HTTP/1.1" 200 45
2025-11-22 13:57:38,908 | INFO | TradingBot | baseapp.py:75 | Placing stop limit order for BTCUSDT current price at 84257.30000000
2025-11-22 13:58:36,043 | DEBUG | urllib3.connectionpool | connectionpool.py:544 | https://testnet.binance.vision:443 "POST /api/v3/order HTTP/1.1" 200 135
2025-11-22 13:58:36,045 | INFO | stop_limit_order | stop_limit_order.py:30 | Stop limit order placed successfully: {'symbol': 'BTCUSDT', 'orderId': 3298374, 'orderListId': -1, 'clientOrderId': 'x-HNA2TXFJ94abfd55d58274caf50c2f', 'transactTime': 1763800115997}
2025-11-22 13:58:36,053 | ERROR | TradingBot | baseapp.py:98 | An error occurred : 'status'
